// Jest Snapshot v1, https://goo.gl/fbAQLP

exports[`<RemoveFromCart/> renders 1`] = `
<button
  className="RemoveFromCart__BigButton-emvtd6-0 grMWKK"
  disabled={false}
  onClick={[Function]}
  title="Delete item"
>
  Ã—
</button>
`;
