// Jest Snapshot v1, https://goo.gl/fbAQLP

exports[`<SingleItem/> errors with a not found item 1`] = `
<p
  data-test="graphql-error"
>
  <strong>
    Shoot!
  </strong>
  Item Not Found!
</p>
`;

exports[`<SingleItem/> renders 1`] = `
<h2>
  dogs are best
</h2>
`;

exports[`<SingleItem/> renders 2`] = `
<img
  alt="dogs are best"
  src="dog.jpg"
/>
`;

exports[`<SingleItem/> renders 3`] = `
<p>
  dogs
</p>
`;
